---
source: vcd-oxide-parser/src/lib.rs
assertion_line: 394
expression: ast
---
ValueChangeDumpDefinition {
    declaration_commands: [
        Date(
            DeclarationDate {
                value: "Fri Jan 27 10:13:28 2023",
            },
        ),
        Version(
            DeclarationVersion {
                value: "Icarus Verilog",
            },
        ),
        Timescale(
            DeclarationTimescale {
                time_number: 1,
                time_unit: "s",
            },
        ),
        Scope(
            DeclarationScope {
                scope_type: "module",
                scope_identifier: "UartRxTest",
            },
        ),
        Var(
            DeclarationVar {
                var_type: "wire",
                size: 8,
                identifier_code: "!",
                reference: "data [7:0]",
            },
        ),
        Var(
            DeclarationVar {
                var_type: "reg",
                size: 1,
                identifier_code: "\"",
                reference: "clk ",
            },
        ),
        Var(
            DeclarationVar {
                var_type: "reg",
                size: 1,
                identifier_code: "#",
                reference: "rst ",
            },
        ),
        Var(
            DeclarationVar {
                var_type: "reg",
                size: 1,
                identifier_code: "$",
                reference: "uart_rx ",
            },
        ),
        Scope(
            DeclarationScope {
                scope_type: "module",
                scope_identifier: "uart_rx_uut",
            },
        ),
        Var(
            DeclarationVar {
                var_type: "wire",
                size: 1,
                identifier_code: "\"",
                reference: "clk ",
            },
        ),
        Var(
            DeclarationVar {
                var_type: "wire",
                size: 1,
                identifier_code: "%",
                reference: "read ",
            },
        ),
        Var(
            DeclarationVar {
                var_type: "wire",
                size: 1,
                identifier_code: "#",
                reference: "rst ",
            },
        ),
        Var(
            DeclarationVar {
                var_type: "wire",
                size: 1,
                identifier_code: "$",
                reference: "uart_rx ",
            },
        ),
        Var(
            DeclarationVar {
                var_type: "wire",
                size: 8,
                identifier_code: "&",
                reference: "data [7:0]",
            },
        ),
        Var(
            DeclarationVar {
                var_type: "wire",
                size: 1,
                identifier_code: "'",
                reference: "busy ",
            },
        ),
        Var(
            DeclarationVar {
                var_type: "parameter",
                size: 32,
                identifier_code: "(",
                reference: "BAUD ",
            },
        ),
        Var(
            DeclarationVar {
                var_type: "parameter",
                size: 32,
                identifier_code: ")",
                reference: "CLK_FREQUENCY_HZ ",
            },
        ),
        Var(
            DeclarationVar {
                var_type: "parameter",
                size: 64,
                identifier_code: "*",
                reference: "DIV_COUNTER ",
            },
        ),
        Var(
            DeclarationVar {
                var_type: "parameter",
                size: 32,
                identifier_code: "+",
                reference: "DIV_PER_BIT ",
            },
        ),
        Var(
            DeclarationVar {
                var_type: "parameter",
                size: 32,
                identifier_code: ",",
                reference: "DIV_SAMPLE ",
            },
        ),
        Var(
            DeclarationVar {
                var_type: "parameter",
                size: 64,
                identifier_code: "-",
                reference: "MAX_BAUD_COUNTER ",
            },
        ),
        Var(
            DeclarationVar {
                var_type: "parameter",
                size: 32,
                identifier_code: ".",
                reference: "MID_POINT ",
            },
        ),
        Var(
            DeclarationVar {
                var_type: "reg",
                size: 2,
                identifier_code: "/",
                reference: "baud_counter [1:0]",
            },
        ),
        Var(
            DeclarationVar {
                var_type: "reg",
                size: 4,
                identifier_code: "0",
                reference: "bit_counter [3:0]",
            },
        ),
        Var(
            DeclarationVar {
                var_type: "reg",
                size: 1,
                identifier_code: "1",
                reference: "clear_bit ",
            },
        ),
        Var(
            DeclarationVar {
                var_type: "reg",
                size: 1,
                identifier_code: "2",
                reference: "clear_sample ",
            },
        ),
        Var(
            DeclarationVar {
                var_type: "reg",
                size: 10,
                identifier_code: "3",
                reference: "data_register [9:0]",
            },
        ),
        Var(
            DeclarationVar {
                var_type: "reg",
                size: 1,
                identifier_code: "4",
                reference: "inc_bit ",
            },
        ),
        Var(
            DeclarationVar {
                var_type: "reg",
                size: 1,
                identifier_code: "5",
                reference: "inc_sample ",
            },
        ),
        Var(
            DeclarationVar {
                var_type: "reg",
                size: 2,
                identifier_code: "6",
                reference: "next_state [1:0]",
            },
        ),
        Var(
            DeclarationVar {
                var_type: "reg",
                size: 2,
                identifier_code: "7",
                reference: "sample_counter [1:0]",
            },
        ),
        Var(
            DeclarationVar {
                var_type: "reg",
                size: 1,
                identifier_code: "8",
                reference: "shift ",
            },
        ),
        Var(
            DeclarationVar {
                var_type: "reg",
                size: 2,
                identifier_code: "9",
                reference: "state [1:0]",
            },
        ),
        Upscope,
        Upscope,
        EndDefinitions,
        Comment(
            GenericComment {
                value: "Show the parameter values.",
            },
        ),
    ],
    simulation_commands: [
        KeywordCommand(
            SimulationKeywordCommand {
                ty: DumpAll,
                value_changes: [
                    Vector(
                        Binary(
                            BinaryVectorValueChange {
                                value: "b10",
                                identifier_code: ".",
                            },
                        ),
                    ),
                    Vector(
                        Binary(
                            BinaryVectorValueChange {
                                value: "b10",
                                identifier_code: "-",
                            },
                        ),
                    ),
                    Vector(
                        Binary(
                            BinaryVectorValueChange {
                                value: "b100",
                                identifier_code: ",",
                            },
                        ),
                    ),
                    Vector(
                        Binary(
                            BinaryVectorValueChange {
                                value: "b1010",
                                identifier_code: "+",
                            },
                        ),
                    ),
                    Vector(
                        Binary(
                            BinaryVectorValueChange {
                                value: "b10",
                                identifier_code: "*",
                            },
                        ),
                    ),
                    Vector(
                        Binary(
                            BinaryVectorValueChange {
                                value: "b1100100",
                                identifier_code: ")",
                            },
                        ),
                    ),
                    Vector(
                        Binary(
                            BinaryVectorValueChange {
                                value: "b1010",
                                identifier_code: "(",
                            },
                        ),
                    ),
                ],
            },
        ),
        SimulationTime(
            SimulationTime {
                value: 0,
            },
        ),
        KeywordCommand(
            SimulationKeywordCommand {
                ty: DumpVars,
                value_changes: [
                    Vector(
                        Binary(
                            BinaryVectorValueChange {
                                value: "b10",
                                identifier_code: "9",
                            },
                        ),
                    ),
                    Scalar(
                        ScalarValueChange {
                            value: "x",
                            identifier_code: "8",
                        },
                    ),
                    Vector(
                        Binary(
                            BinaryVectorValueChange {
                                value: "b0",
                                identifier_code: "7",
                            },
                        ),
                    ),
                    Vector(
                        Binary(
                            BinaryVectorValueChange {
                                value: "b10",
                                identifier_code: "6",
                            },
                        ),
                    ),
                    Scalar(
                        ScalarValueChange {
                            value: "x",
                            identifier_code: "5",
                        },
                    ),
                    Scalar(
                        ScalarValueChange {
                            value: "x",
                            identifier_code: "4",
                        },
                    ),
                    Vector(
                        Binary(
                            BinaryVectorValueChange {
                                value: "b0",
                                identifier_code: "3",
                            },
                        ),
                    ),
                    Scalar(
                        ScalarValueChange {
                            value: "x",
                            identifier_code: "2",
                        },
                    ),
                    Scalar(
                        ScalarValueChange {
                            value: "x",
                            identifier_code: "1",
                        },
                    ),
                    Vector(
                        Binary(
                            BinaryVectorValueChange {
                                value: "b0",
                                identifier_code: "0",
                            },
                        ),
                    ),
                    Vector(
                        Binary(
                            BinaryVectorValueChange {
                                value: "b0",
                                identifier_code: "/",
                            },
                        ),
                    ),
                    Scalar(
                        ScalarValueChange {
                            value: "0",
                            identifier_code: "'",
                        },
                    ),
                    Vector(
                        Binary(
                            BinaryVectorValueChange {
                                value: "b0",
                                identifier_code: "&",
                            },
                        ),
                    ),
                    Scalar(
                        ScalarValueChange {
                            value: "z",
                            identifier_code: "%",
                        },
                    ),
                    Scalar(
                        ScalarValueChange {
                            value: "1",
                            identifier_code: "$",
                        },
                    ),
                    Scalar(
                        ScalarValueChange {
                            value: "1",
                            identifier_code: "#",
                        },
                    ),
                    Scalar(
                        ScalarValueChange {
                            value: "0",
                            identifier_code: "\"",
                        },
                    ),
                    Vector(
                        Binary(
                            BinaryVectorValueChange {
                                value: "b0",
                                identifier_code: "!",
                            },
                        ),
                    ),
                ],
            },
        ),
        SimulationTime(
            SimulationTime {
                value: 1,
            },
        ),
        ValueChange(
            Scalar(
                ScalarValueChange {
                    value: "0",
                    identifier_code: "4",
                },
            ),
        ),
        ValueChange(
            Scalar(
                ScalarValueChange {
                    value: "0",
                    identifier_code: "1",
                },
            ),
        ),
        ValueChange(
            Scalar(
                ScalarValueChange {
                    value: "0",
                    identifier_code: "5",
                },
            ),
        ),
        ValueChange(
            Scalar(
                ScalarValueChange {
                    value: "0",
                    identifier_code: "2",
                },
            ),
        ),
        ValueChange(
            Scalar(
                ScalarValueChange {
                    value: "0",
                    identifier_code: "8",
                },
            ),
        ),
        ValueChange(
            Scalar(
                ScalarValueChange {
                    value: "1",
                    identifier_code: "\"",
                },
            ),
        ),
        SimulationTime(
            SimulationTime {
                value: 2,
            },
        ),
        ValueChange(
            Scalar(
                ScalarValueChange {
                    value: "0",
                    identifier_code: "\"",
                },
            ),
        ),
        ValueChange(
            Scalar(
                ScalarValueChange {
                    value: "0",
                    identifier_code: "$",
                },
            ),
        ),
        SimulationTime(
            SimulationTime {
                value: 3,
            },
        ),
        ValueChange(
            Scalar(
                ScalarValueChange {
                    value: "1",
                    identifier_code: "\"",
                },
            ),
        ),
        SimulationTime(
            SimulationTime {
                value: 4,
            },
        ),
        ValueChange(
            Scalar(
                ScalarValueChange {
                    value: "0",
                    identifier_code: "\"",
                },
            ),
        ),
        ValueChange(
            Scalar(
                ScalarValueChange {
                    value: "1",
                    identifier_code: "$",
                },
            ),
        ),
        SimulationTime(
            SimulationTime {
                value: 5,
            },
        ),
        ValueChange(
            Scalar(
                ScalarValueChange {
                    value: "1",
                    identifier_code: "\"",
                },
            ),
        ),
        SimulationTime(
            SimulationTime {
                value: 6,
            },
        ),
        ValueChange(
            Scalar(
                ScalarValueChange {
                    value: "0",
                    identifier_code: "\"",
                },
            ),
        ),
    ],
}
