---
source: vcd-oxide-parser/src/lib.rs
assertion_line: 423
expression: model
---
ValueChangeDump {
    date: "Fri Jan 27 10:13:28 2023",
    version: "Icarus Verilog",
    timescale: "1s",
    root_scope: RefCell {
        value: ValueChangeDumpScope {
            name: "",
            kind: "",
            scopes: [
                RefCell {
                    value: ValueChangeDumpScope {
                        name: "UartRxTest",
                        kind: "",
                        scopes: [
                            RefCell {
                                value: ValueChangeDumpScope {
                                    name: "uart_rx_uut",
                                    kind: "",
                                    scopes: [],
                                    parent: Some(
                                        (Weak),
                                    ),
                                    signals: [
                                        ValueChangeDumpSignal {
                                            kind: "wire",
                                            identifier: "\"",
                                            reference: "UartRxTest.uart_rx_uut.clk",
                                            size: 1,
                                        },
                                        ValueChangeDumpSignal {
                                            kind: "wire",
                                            identifier: "%",
                                            reference: "UartRxTest.uart_rx_uut.read",
                                            size: 1,
                                        },
                                        ValueChangeDumpSignal {
                                            kind: "wire",
                                            identifier: "#",
                                            reference: "UartRxTest.uart_rx_uut.rst",
                                            size: 1,
                                        },
                                        ValueChangeDumpSignal {
                                            kind: "wire",
                                            identifier: "$",
                                            reference: "UartRxTest.uart_rx_uut.uart_rx",
                                            size: 1,
                                        },
                                        ValueChangeDumpSignal {
                                            kind: "wire",
                                            identifier: "&",
                                            reference: "UartRxTest.uart_rx_uut.data [7:0]",
                                            size: 8,
                                        },
                                        ValueChangeDumpSignal {
                                            kind: "wire",
                                            identifier: "'",
                                            reference: "UartRxTest.uart_rx_uut.busy",
                                            size: 1,
                                        },
                                        ValueChangeDumpSignal {
                                            kind: "parameter",
                                            identifier: "(",
                                            reference: "UartRxTest.uart_rx_uut.BAUD",
                                            size: 32,
                                        },
                                        ValueChangeDumpSignal {
                                            kind: "parameter",
                                            identifier: ")",
                                            reference: "UartRxTest.uart_rx_uut.CLK_FREQUENCY_HZ",
                                            size: 32,
                                        },
                                        ValueChangeDumpSignal {
                                            kind: "parameter",
                                            identifier: "*",
                                            reference: "UartRxTest.uart_rx_uut.DIV_COUNTER",
                                            size: 64,
                                        },
                                        ValueChangeDumpSignal {
                                            kind: "parameter",
                                            identifier: "+",
                                            reference: "UartRxTest.uart_rx_uut.DIV_PER_BIT",
                                            size: 32,
                                        },
                                        ValueChangeDumpSignal {
                                            kind: "parameter",
                                            identifier: ",",
                                            reference: "UartRxTest.uart_rx_uut.DIV_SAMPLE",
                                            size: 32,
                                        },
                                        ValueChangeDumpSignal {
                                            kind: "parameter",
                                            identifier: "-",
                                            reference: "UartRxTest.uart_rx_uut.MAX_BAUD_COUNTER",
                                            size: 64,
                                        },
                                        ValueChangeDumpSignal {
                                            kind: "parameter",
                                            identifier: ".",
                                            reference: "UartRxTest.uart_rx_uut.MID_POINT",
                                            size: 32,
                                        },
                                        ValueChangeDumpSignal {
                                            kind: "reg",
                                            identifier: "/",
                                            reference: "UartRxTest.uart_rx_uut.baud_counter [1:0]",
                                            size: 2,
                                        },
                                        ValueChangeDumpSignal {
                                            kind: "reg",
                                            identifier: "0",
                                            reference: "UartRxTest.uart_rx_uut.bit_counter [3:0]",
                                            size: 4,
                                        },
                                        ValueChangeDumpSignal {
                                            kind: "reg",
                                            identifier: "1",
                                            reference: "UartRxTest.uart_rx_uut.clear_bit",
                                            size: 1,
                                        },
                                        ValueChangeDumpSignal {
                                            kind: "reg",
                                            identifier: "2",
                                            reference: "UartRxTest.uart_rx_uut.clear_sample",
                                            size: 1,
                                        },
                                        ValueChangeDumpSignal {
                                            kind: "reg",
                                            identifier: "3",
                                            reference: "UartRxTest.uart_rx_uut.data_register [9:0]",
                                            size: 10,
                                        },
                                        ValueChangeDumpSignal {
                                            kind: "reg",
                                            identifier: "4",
                                            reference: "UartRxTest.uart_rx_uut.inc_bit",
                                            size: 1,
                                        },
                                        ValueChangeDumpSignal {
                                            kind: "reg",
                                            identifier: "5",
                                            reference: "UartRxTest.uart_rx_uut.inc_sample",
                                            size: 1,
                                        },
                                        ValueChangeDumpSignal {
                                            kind: "reg",
                                            identifier: "6",
                                            reference: "UartRxTest.uart_rx_uut.next_state [1:0]",
                                            size: 2,
                                        },
                                        ValueChangeDumpSignal {
                                            kind: "reg",
                                            identifier: "7",
                                            reference: "UartRxTest.uart_rx_uut.sample_counter [1:0]",
                                            size: 2,
                                        },
                                        ValueChangeDumpSignal {
                                            kind: "reg",
                                            identifier: "8",
                                            reference: "UartRxTest.uart_rx_uut.shift",
                                            size: 1,
                                        },
                                        ValueChangeDumpSignal {
                                            kind: "reg",
                                            identifier: "9",
                                            reference: "UartRxTest.uart_rx_uut.state [1:0]",
                                            size: 2,
                                        },
                                    ],
                                },
                            },
                        ],
                        parent: Some(
                            (Weak),
                        ),
                        signals: [
                            ValueChangeDumpSignal {
                                kind: "wire",
                                identifier: "!",
                                reference: "UartRxTest.data [7:0]",
                                size: 8,
                            },
                            ValueChangeDumpSignal {
                                kind: "reg",
                                identifier: "\"",
                                reference: "UartRxTest.clk",
                                size: 1,
                            },
                            ValueChangeDumpSignal {
                                kind: "reg",
                                identifier: "#",
                                reference: "UartRxTest.rst",
                                size: 1,
                            },
                            ValueChangeDumpSignal {
                                kind: "reg",
                                identifier: "$",
                                reference: "UartRxTest.uart_rx",
                                size: 1,
                            },
                        ],
                    },
                },
            ],
            parent: None,
            signals: [],
        },
    },
    wave_map: {
        "!": ValueChangeDumpWave {
            value_changes: [
                ValueChange {
                    time: 0,
                    value: "b0",
                },
            ],
        },
        "\"": ValueChangeDumpWave {
            value_changes: [
                ValueChange {
                    time: 0,
                    value: "0",
                },
                ValueChange {
                    time: 1,
                    value: "1",
                },
                ValueChange {
                    time: 2,
                    value: "0",
                },
                ValueChange {
                    time: 3,
                    value: "1",
                },
                ValueChange {
                    time: 4,
                    value: "0",
                },
                ValueChange {
                    time: 5,
                    value: "1",
                },
                ValueChange {
                    time: 6,
                    value: "0",
                },
            ],
        },
        "#": ValueChangeDumpWave {
            value_changes: [
                ValueChange {
                    time: 0,
                    value: "1",
                },
            ],
        },
        "$": ValueChangeDumpWave {
            value_changes: [
                ValueChange {
                    time: 0,
                    value: "1",
                },
                ValueChange {
                    time: 2,
                    value: "0",
                },
                ValueChange {
                    time: 4,
                    value: "1",
                },
            ],
        },
        "%": ValueChangeDumpWave {
            value_changes: [
                ValueChange {
                    time: 0,
                    value: "z",
                },
            ],
        },
        "&": ValueChangeDumpWave {
            value_changes: [
                ValueChange {
                    time: 0,
                    value: "b0",
                },
            ],
        },
        "'": ValueChangeDumpWave {
            value_changes: [
                ValueChange {
                    time: 0,
                    value: "0",
                },
            ],
        },
        "(": ValueChangeDumpWave {
            value_changes: [
                ValueChange {
                    time: 0,
                    value: "b1010",
                },
            ],
        },
        ")": ValueChangeDumpWave {
            value_changes: [
                ValueChange {
                    time: 0,
                    value: "b1100100",
                },
            ],
        },
        "*": ValueChangeDumpWave {
            value_changes: [
                ValueChange {
                    time: 0,
                    value: "b10",
                },
            ],
        },
        "+": ValueChangeDumpWave {
            value_changes: [
                ValueChange {
                    time: 0,
                    value: "b1010",
                },
            ],
        },
        ",": ValueChangeDumpWave {
            value_changes: [
                ValueChange {
                    time: 0,
                    value: "b100",
                },
            ],
        },
        "-": ValueChangeDumpWave {
            value_changes: [
                ValueChange {
                    time: 0,
                    value: "b10",
                },
            ],
        },
        ".": ValueChangeDumpWave {
            value_changes: [
                ValueChange {
                    time: 0,
                    value: "b10",
                },
            ],
        },
        "/": ValueChangeDumpWave {
            value_changes: [
                ValueChange {
                    time: 0,
                    value: "b0",
                },
            ],
        },
        "0": ValueChangeDumpWave {
            value_changes: [
                ValueChange {
                    time: 0,
                    value: "b0",
                },
            ],
        },
        "1": ValueChangeDumpWave {
            value_changes: [
                ValueChange {
                    time: 0,
                    value: "x",
                },
                ValueChange {
                    time: 1,
                    value: "0",
                },
            ],
        },
        "2": ValueChangeDumpWave {
            value_changes: [
                ValueChange {
                    time: 0,
                    value: "x",
                },
                ValueChange {
                    time: 1,
                    value: "0",
                },
            ],
        },
        "3": ValueChangeDumpWave {
            value_changes: [
                ValueChange {
                    time: 0,
                    value: "b0",
                },
            ],
        },
        "4": ValueChangeDumpWave {
            value_changes: [
                ValueChange {
                    time: 0,
                    value: "x",
                },
                ValueChange {
                    time: 1,
                    value: "0",
                },
            ],
        },
        "5": ValueChangeDumpWave {
            value_changes: [
                ValueChange {
                    time: 0,
                    value: "x",
                },
                ValueChange {
                    time: 1,
                    value: "0",
                },
            ],
        },
        "6": ValueChangeDumpWave {
            value_changes: [
                ValueChange {
                    time: 0,
                    value: "b10",
                },
            ],
        },
        "7": ValueChangeDumpWave {
            value_changes: [
                ValueChange {
                    time: 0,
                    value: "b0",
                },
            ],
        },
        "8": ValueChangeDumpWave {
            value_changes: [
                ValueChange {
                    time: 0,
                    value: "x",
                },
                ValueChange {
                    time: 1,
                    value: "0",
                },
            ],
        },
        "9": ValueChangeDumpWave {
            value_changes: [
                ValueChange {
                    time: 0,
                    value: "b10",
                },
            ],
        },
    },
}
